// Jest Snapshot v1, https://goo.gl/fbAQLP

exports[`renders a snapshot 1`] = `
<div
  className="App"
>
  <div>
    <div
      className="card"
      style={
        Object {
          "width": "18rem",
        }
      }
    >
      <img
        className="card-img-top"
        src="../person-4.jpg"
      />
      <div
        className="card-body"
      >
        <div
          className="card-title h5"
        >
          edwardgreenwood38
        </div>
        <p
          className="card-text"
        >
          <p>
            I am a C#/.Net and MERN stack developer. Currently enrolled in North Caorolina State Software Development course.
          </p>
        </p>
      </div>
    </div>
  </div>
</div>
`;
